[0m14:43:03.519167 [debug] [MainThread]: Sending event: {'category': 'dbt', 'action': 'invocation', 'label': 'start', 'context': [<snowplow_tracker.self_describing_json.SelfDescribingJson object at 0x796c49c53d60>, <snowplow_tracker.self_describing_json.SelfDescribingJson object at 0x796c48a20220>, <snowplow_tracker.self_describing_json.SelfDescribingJson object at 0x796c48a201c0>]}


============================== 14:43:03.554841 | 619a3230-4a10-494c-977b-32fab28b70cc ==============================
[0m14:43:03.554841 [info ] [MainThread]: Running with dbt=1.11.11
[0m14:43:03.555794 [debug] [MainThread]: running dbt with arguments {'log_format': 'default', 'use_colors': 'True', 'partial_parse': 'True', 'warn_error': 'None', 'version_check': 'True', 'static_parser': 'True', 'send_anonymous_usage_stats': 'True', 'use_experimental_parser': 'False', 'printer_width': '80', 'fail_fast': 'False', 'no_print': 'None', 'write_json': 'True', 'quiet': 'False', 'invocation_command': 'dbt init sap_cdc', 'empty': 'None', 'profiles_dir': '/home/dbugaj/.dbt', 'warn_error_options': 'WarnErrorOptionsV2(error=[], warn=[], silence=[])', 'introspect': 'True', 'log_cache_events': 'False', 'indirect_selection': 'eager', 'log_path': 'logs', 'target_path': 'None', 'debug': 'False', 'cache_selected_only': 'False'}
[0m14:43:03.603321 [debug] [MainThread]: Starter project path: /home/dbugaj/ELT-Project/.venv/lib/python3.10/site-packages/dbt/include/starter_project
[0m14:43:03.612482 [info ] [MainThread]: 
Your new dbt project "sap_cdc" was created!

For more information on how to configure the profiles.yml file,
please consult the dbt documentation here:

  https://docs.getdbt.com/docs/configure-your-profile

One more thing:

Need help? Don't hesitate to reach out to us via GitHub issues or on Slack:

  https://community.getdbt.com/

Happy modeling!

[0m14:43:03.612958 [info ] [MainThread]: Setting up your profile.
[0m14:43:26.092614 [debug] [MainThread]: Resource report: {"command_name": "init", "command_success": true, "command_wall_clock_time": 22.643574, "process_in_blocks": "157752", "process_kernel_time": 0.603212, "process_mem_max_rss": "133340", "process_out_blocks": "25928", "process_user_time": 2.377367}
[0m14:43:26.093283 [debug] [MainThread]: Command `dbt init` succeeded at 14:43:26.093175 after 22.64 seconds
[0m14:43:26.093702 [debug] [MainThread]: Sending event: {'category': 'dbt', 'action': 'invocation', 'label': 'end', 'context': [<snowplow_tracker.self_describing_json.SelfDescribingJson object at 0x796c49c53d60>, <snowplow_tracker.self_describing_json.SelfDescribingJson object at 0x796c4904fe20>, <snowplow_tracker.self_describing_json.SelfDescribingJson object at 0x796c489389a0>]}
[0m14:43:26.094139 [debug] [MainThread]: Flushing usage events
[0m14:43:26.946049 [debug] [MainThread]: An error was encountered while trying to flush usage events
{"data":{"log_version":3,"version":"=2.0.0-preview.193"},"info":{"category":"","code":"A001","extra":{},"invocation_id":"019f0e61-78e5-7cb3-8ed6-15a9649ac803","level":"info","msg":"Running with dbt-fusion=2.0.0-preview.193","name":"MainReportVersion","pid":306168,"thread":"tokio-rt-worker","ts":"2026-06-28T13:18:16.819310Z"}}
{"data":{"args":{"debug":"false","invocation_command":"/home/dbugaj/.local/bin/dbt license info --json --log-format json","log_format":"json","quiet":"false","write_json":"true"}},"info":{"category":"","code":"A002","extra":{},"invocation_id":"019f0e61-78e5-7cb3-8ed6-15a9649ac803","level":"debug","msg":"running dbt-fusion with arguments {\"command\":\"license\",\"vars\":\"{}\",\"limit\":\"10\",\"debug\":false,\"log_format\":\"json\",\"quiet\":false,\"write_json\":true,\"write_catalog\":false,\"manage_state\":false}","name":"MainReportArgs","pid":306168,"thread":"tokio-rt-worker","ts":"2026-06-28T13:18:16.819449Z"}}
{"data":{},"info":{"category":"","code":"","extra":{},"invocation_id":"019f0e61-78e5-7cb3-8ed6-15a9649ac803","level":"debug","msg":"No platform credentials found, skipping remote license","name":"Generic","pid":306168,"thread":"tokio-rt-worker","ts":"2026-06-28T13:18:16.848529Z"}}
{"data":{},"info":{"category":"","code":"","extra":{},"invocation_id":"019f0e61-78e5-7cb3-8ed6-15a9649ac803","level":"debug","msg":"License loaded from file /home/dbugaj/.dbt/license.trial is invalid (Invalid license: Trial license machine ID mismatch), skipping","name":"Generic","pid":306168,"thread":"tokio-rt-worker","ts":"2026-06-28T13:18:17.030333Z"}}
{"data":{},"info":{"category":"","code":"","extra":{},"invocation_id":"019f0e61-78e5-7cb3-8ed6-15a9649ac803","level":"debug","msg":"Requesting trial license from https://cloud.getdbt.com/api/private/trial-licenses/","name":"Generic","pid":306168,"thread":"main","ts":"2026-06-28T13:18:17.106509Z"}}
{"data":{},"info":{"category":"","code":"","extra":{},"invocation_id":"019f0e61-78e5-7cb3-8ed6-15a9649ac803","level":"error","msg":"[error] [LicenseError (dbt1068)]: Trial license request failed: error sending request for url (https://cloud.getdbt.com/api/private/trial-licenses/)","name":"Generic","pid":306168,"thread":"main","ts":"2026-06-28T13:18:18.108585Z"}}
{"data":{},"info":{"category":"","code":"","extra":{},"invocation_id":"019f0e61-78e5-7cb3-8ed6-15a9649ac803","level":"warn","msg":"[warning] [LicenseError (dbt1068)]: Error loading license from trial license server, skipping: Remote license fetch failed: Network error: error sending request for url (https://cloud.getdbt.com/api/private/trial-licenses/)","name":"Generic","pid":306168,"thread":"tokio-rt-worker","ts":"2026-06-28T13:18:18.109366Z"}}
{"data":{"columns":[],"is_inline":true,"node_name":"license_info","output_format":"json","preview":"{\n  \"status\": \"invalid\",\n  \"licensing_enabled\": true,\n  \"reason\": \"Invalid license: Trial license machine ID mismatch\"\n}","unique_id":"license.info"},"info":{"category":"","code":"Q041","extra":{},"invocation_id":"019f0e61-78e5-7cb3-8ed6-15a9649ac803","level":"info","msg":"{\n  \"status\": \"invalid\",\n  \"licensing_enabled\": true,\n  \"reason\": \"Invalid license: Trial license machine ID mismatch\"\n}","name":"ShowNode","pid":306168,"thread":"tokio-rt-worker","ts":"2026-06-28T13:18:18.169412Z"}}
{"data":{"completed_at":"2026-06-28T13:18:18.303117Z","elapsed":1.4840760231018066,"success":true},"info":{"category":"","code":"Q039","extra":{},"invocation_id":"019f0e61-78e5-7cb3-8ed6-15a9649ac803","level":"info","msg":"\n==================== Execution Summary =====================\nFinished 'license' with 1 warning [1.5s]","name":"CommandCompleted","pid":306168,"thread":"tokio-rt-worker","ts":"2026-06-28T13:18:18.303296Z"}}
{"data":{"log_version":3,"version":"=2.0.0-preview.193"},"info":{"category":"","code":"A001","extra":{},"invocation_id":"019f11fe-41df-7ce2-bc8e-528f7ef1bbef","level":"info","msg":"Running with dbt-fusion=2.0.0-preview.193","name":"MainReportVersion","pid":352555,"thread":"tokio-rt-worker","ts":"2026-06-29T06:08:23.565586Z"}}
{"data":{"args":{"debug":"false","invocation_command":"/home/dbugaj/.local/bin/dbt license info --json --log-format json","log_format":"json","quiet":"false","write_json":"true"}},"info":{"category":"","code":"A002","extra":{},"invocation_id":"019f11fe-41df-7ce2-bc8e-528f7ef1bbef","level":"debug","msg":"running dbt-fusion with arguments {\"command\":\"license\",\"vars\":\"{}\",\"limit\":\"10\",\"debug\":false,\"log_format\":\"json\",\"quiet\":false,\"write_json\":true,\"write_catalog\":false,\"manage_state\":false}","name":"MainReportArgs","pid":352555,"thread":"tokio-rt-worker","ts":"2026-06-29T06:08:23.566224Z"}}
{"data":{},"info":{"category":"","code":"","extra":{},"invocation_id":"019f11fe-41df-7ce2-bc8e-528f7ef1bbef","level":"debug","msg":"No platform credentials found, skipping remote license","name":"Generic","pid":352555,"thread":"tokio-rt-worker","ts":"2026-06-29T06:08:23.600301Z"}}
{"data":{},"info":{"category":"","code":"","extra":{},"invocation_id":"019f11fe-41df-7ce2-bc8e-528f7ef1bbef","level":"debug","msg":"License loaded from file /home/dbugaj/.dbt/license.trial is invalid (Invalid license: Trial license machine ID mismatch), skipping","name":"Generic","pid":352555,"thread":"tokio-rt-worker","ts":"2026-06-29T06:08:23.722602Z"}}
{"data":{},"info":{"category":"","code":"","extra":{},"invocation_id":"019f11fe-41df-7ce2-bc8e-528f7ef1bbef","level":"debug","msg":"Requesting trial license from https://cloud.getdbt.com/api/private/trial-licenses/","name":"Generic","pid":352555,"thread":"main","ts":"2026-06-29T06:08:23.787606Z"}}
{"data":{},"info":{"category":"","code":"","extra":{},"invocation_id":"019f11fe-41df-7ce2-bc8e-528f7ef1bbef","level":"debug","msg":"Trial license retrieved","name":"Generic","pid":352555,"thread":"main","ts":"2026-06-29T06:08:24.314064Z"}}
{"data":{},"info":{"category":"","code":"","extra":{},"invocation_id":"019f11fe-41df-7ce2-bc8e-528f7ef1bbef","level":"debug","msg":"License loaded from trial license server","name":"Generic","pid":352555,"thread":"tokio-rt-worker","ts":"2026-06-29T06:08:24.389513Z"}}
{"data":{"columns":[],"is_inline":true,"node_name":"license_info","output_format":"json","preview":"{\n  \"status\": \"valid\",\n  \"licensing_enabled\": true,\n  \"features\": [\n    \"compare\",\n    \"dbt-wizard\",\n    \"strict-static-analysis\"\n  ],\n  \"issued_at\": \"2026-06-29T06:08:22+00:00\",\n  \"expires_at\": \"2026-07-07T07:30:30+00:00\",\n  \"license_type\": \"trial\",\n  \"machine_id\": \"5b6046b99df9c863085d76842483efd4211497e4575da23002288cf151d88046\",\n  \"days_remaining\": 8,\n  \"trial_start_date\": \"2026-06-23T07:30:30+00:00\"\n}","unique_id":"license.info"},"info":{"category":"","code":"Q041","extra":{},"invocation_id":"019f11fe-41df-7ce2-bc8e-528f7ef1bbef","level":"info","msg":"{\n  \"status\": \"valid\",\n  \"licensing_enabled\": true,\n  \"features\": [\n    \"compare\",\n    \"dbt-wizard\",\n    \"strict-static-analysis\"\n  ],\n  \"issued_at\": \"2026-06-29T06:08:22+00:00\",\n  \"expires_at\": \"2026-07-07T07:30:30+00:00\",\n  \"license_type\": \"trial\",\n  \"machine_id\": \"5b6046b99df9c863085d76842483efd4211497e4575da23002288cf151d88046\",\n  \"days_remaining\": 8,\n  \"trial_start_date\": \"2026-06-23T07:30:30+00:00\"\n}","name":"ShowNode","pid":352555,"thread":"tokio-rt-worker","ts":"2026-06-29T06:08:24.449634Z"}}
{"data":{"completed_at":"2026-06-29T06:08:24.511901Z","elapsed":0.95032799243927,"success":true},"info":{"category":"","code":"Q039","extra":{},"invocation_id":"019f11fe-41df-7ce2-bc8e-528f7ef1bbef","level":"info","msg":"\n==================== Execution Summary =====================\nFinished 'license' successfully [950ms]","name":"CommandCompleted","pid":352555,"thread":"tokio-rt-worker","ts":"2026-06-29T06:08:24.512084Z"}}
{"data":{"log_version":3,"version":"=2.0.0-preview.193"},"info":{"category":"","code":"A001","extra":{},"invocation_id":"019f14c8-3e33-71f2-8869-b4825927d421","level":"info","msg":"Running with dbt-fusion=2.0.0-preview.193","name":"MainReportVersion","pid":152444,"thread":"tokio-rt-worker","ts":"2026-06-29T19:08:15.469080Z"}}
{"data":{"args":{"debug":"false","invocation_command":"/home/dbugaj/.local/bin/dbt license info --json --log-format json","log_format":"json","quiet":"false","write_json":"true"}},"info":{"category":"","code":"A002","extra":{},"invocation_id":"019f14c8-3e33-71f2-8869-b4825927d421","level":"debug","msg":"running dbt-fusion with arguments {\"command\":\"license\",\"vars\":\"{}\",\"limit\":\"10\",\"debug\":false,\"log_format\":\"json\",\"quiet\":false,\"write_json\":true,\"write_catalog\":false,\"manage_state\":false}","name":"MainReportArgs","pid":152444,"thread":"tokio-rt-worker","ts":"2026-06-29T19:08:15.470240Z"}}
{"data":{},"info":{"category":"","code":"","extra":{},"invocation_id":"019f14c8-3e33-71f2-8869-b4825927d421","level":"debug","msg":"No platform credentials found, skipping remote license","name":"Generic","pid":152444,"thread":"tokio-rt-worker","ts":"2026-06-29T19:08:15.542555Z"}}
{"data":{},"info":{"category":"","code":"","extra":{},"invocation_id":"019f14c8-3e33-71f2-8869-b4825927d421","level":"debug","msg":"License from file /home/dbugaj/.dbt/license.trial is in refresh window, attempting remote refresh","name":"Generic","pid":152444,"thread":"tokio-rt-worker","ts":"2026-06-29T19:08:15.795413Z"}}
{"data":{},"info":{"category":"","code":"","extra":{},"invocation_id":"019f14c8-3e33-71f2-8869-b4825927d421","level":"debug","msg":"Requesting trial license from https://cloud.getdbt.com/api/private/trial-licenses/","name":"Generic","pid":152444,"thread":"main","ts":"2026-06-29T19:08:15.864624Z"}}
{"data":{},"info":{"category":"","code":"","extra":{},"invocation_id":"019f14c8-3e33-71f2-8869-b4825927d421","level":"error","msg":"[error] [LicenseError (dbt1068)]: Trial license request failed: error sending request for url (https://cloud.getdbt.com/api/private/trial-licenses/)","name":"Generic","pid":152444,"thread":"main","ts":"2026-06-29T19:08:16.870464Z"}}
{"data":{},"info":{"category":"","code":"","extra":{},"invocation_id":"019f14c8-3e33-71f2-8869-b4825927d421","level":"warn","msg":"[warning] [LicenseError (dbt1068)]: Error loading license from trial license server, skipping: Remote license fetch failed: Network error: error sending request for url (https://cloud.getdbt.com/api/private/trial-licenses/)","name":"Generic","pid":152444,"thread":"tokio-rt-worker","ts":"2026-06-29T19:08:16.871184Z"}}
{"data":{},"info":{"category":"","code":"","extra":{},"invocation_id":"019f14c8-3e33-71f2-8869-b4825927d421","level":"warn","msg":"[warning] [LicenseError (dbt1068)]: Remote refresh failed, using cached license from file /home/dbugaj/.dbt/license.trial (in refresh window)","name":"Generic","pid":152444,"thread":"tokio-rt-worker","ts":"2026-06-29T19:08:16.871287Z"}}
{"data":{"columns":[],"is_inline":true,"node_name":"license_info","output_format":"json","preview":"{\n  \"status\": \"valid\",\n  \"licensing_enabled\": true,\n  \"features\": [\n    \"compare\",\n    \"dbt-wizard\",\n    \"strict-static-analysis\"\n  ],\n  \"issued_at\": \"2026-06-29T06:21:46+00:00\",\n  \"expires_at\": \"2026-07-07T07:30:30+00:00\",\n  \"license_type\": \"trial\",\n  \"machine_id\": \"5982039583287d08e6b8ad630c83d0bf087620c5e46800466d4e2e82ce43ca4f\",\n  \"days_remaining\": 7,\n  \"trial_start_date\": \"2026-06-23T07:30:30+00:00\"\n}","unique_id":"license.info"},"info":{"category":"","code":"Q041","extra":{},"invocation_id":"019f14c8-3e33-71f2-8869-b4825927d421","level":"info","msg":"{\n  \"status\": \"valid\",\n  \"licensing_enabled\": true,\n  \"features\": [\n    \"compare\",\n    \"dbt-wizard\",\n    \"strict-static-analysis\"\n  ],\n  \"issued_at\": \"2026-06-29T06:21:46+00:00\",\n  \"expires_at\": \"2026-07-07T07:30:30+00:00\",\n  \"license_type\": \"trial\",\n  \"machine_id\": \"5982039583287d08e6b8ad630c83d0bf087620c5e46800466d4e2e82ce43ca4f\",\n  \"days_remaining\": 7,\n  \"trial_start_date\": \"2026-06-23T07:30:30+00:00\"\n}","name":"ShowNode","pid":152444,"thread":"tokio-rt-worker","ts":"2026-06-29T19:08:16.939278Z"}}
{"data":{"completed_at":"2026-06-29T19:08:16.994806Z","elapsed":1.5389986038208008,"success":true},"info":{"category":"","code":"Q039","extra":{},"invocation_id":"019f14c8-3e33-71f2-8869-b4825927d421","level":"info","msg":"\n==================== Execution Summary =====================\nFinished 'license' with 2 warnings [1.5s]","name":"CommandCompleted","pid":152444,"thread":"tokio-rt-worker","ts":"2026-06-29T19:08:16.996421Z"}}
[0m21:17:11.137742 [debug] [MainThread]: Sending event: {'category': 'dbt', 'action': 'invocation', 'label': 'start', 'context': [<snowplow_tracker.self_describing_json.SelfDescribingJson object at 0x7489e06a1ba0>, <snowplow_tracker.self_describing_json.SelfDescribingJson object at 0x7489df637160>, <snowplow_tracker.self_describing_json.SelfDescribingJson object at 0x7489df637190>]}


============================== 21:17:11.140875 | 78b40276-fcf0-4cd4-ad3b-4d82aba60d13 ==============================
[0m21:17:11.140875 [info ] [MainThread]: Running with dbt=1.11.11
[0m21:17:11.141425 [debug] [MainThread]: running dbt with arguments {'warn_error_options': 'WarnErrorOptionsV2(error=[], warn=[], silence=[])', 'log_cache_events': 'False', 'static_parser': 'True', 'log_format': 'default', 'warn_error': 'None', 'use_experimental_parser': 'False', 'introspect': 'True', 'fail_fast': 'False', 'send_anonymous_usage_stats': 'True', 'partial_parse': 'True', 'empty': 'None', 'no_print': 'None', 'write_json': 'True', 'indirect_selection': 'eager', 'version_check': 'True', 'cache_selected_only': 'False', 'profiles_dir': '/home/dbugaj/.dbt', 'use_colors': 'True', 'debug': 'False', 'printer_width': '80', 'log_path': 'logs', 'invocation_command': 'dbt debug', 'quiet': 'False', 'target_path': 'None'}
[0m21:17:11.157697 [info ] [MainThread]: dbt version: 1.11.11
[0m21:17:11.158396 [info ] [MainThread]: python version: 3.10.19
[0m21:17:11.158910 [info ] [MainThread]: python path: /home/dbugaj/ELT-Project/.venv/bin/python3
[0m21:17:11.159428 [info ] [MainThread]: os info: Linux-6.6.87.2-microsoft-standard-WSL2-x86_64-with-glibc2.35
[0m21:17:11.164492 [info ] [MainThread]: Error importing adapter: No module named 'dbt.adapters.redshift'
[0m21:17:11.283206 [info ] [MainThread]: Using profiles dir at /home/dbugaj/.dbt
[0m21:17:11.283760 [info ] [MainThread]: Using profiles.yml file at /home/dbugaj/.dbt/profiles.yml
[0m21:17:11.284134 [info ] [MainThread]: Using dbt_project.yml file at /home/dbugaj/ELT-Project/dbt_project.yml
[0m21:17:11.284495 [info ] [MainThread]: Configuration:
[0m21:17:11.284825 [info ] [MainThread]:   profiles.yml file [[31mERROR invalid[0m]
[0m21:17:11.285169 [info ] [MainThread]:   dbt_project.yml file [[31mERROR not found[0m]
[0m21:17:11.285494 [info ] [MainThread]: Required dependencies:
[0m21:17:11.285841 [debug] [MainThread]: Executing "git --help"
[0m21:17:11.288263 [debug] [MainThread]: STDOUT: "b"usage: git [--version] [--help] [-C <path>] [-c <name>=<value>]\n           [--exec-path[=<path>]] [--html-path] [--man-path] [--info-path]\n           [-p | --paginate | -P | --no-pager] [--no-replace-objects] [--bare]\n           [--git-dir=<path>] [--work-tree=<path>] [--namespace=<name>]\n           [--super-prefix=<path>] [--config-env=<name>=<envvar>]\n           <command> [<args>]\n\nThese are common Git commands used in various situations:\n\nstart a working area (see also: git help tutorial)\n   clone     Clone a repository into a new directory\n   init      Create an empty Git repository or reinitialize an existing one\n\nwork on the current change (see also: git help everyday)\n   add       Add file contents to the index\n   mv        Move or rename a file, a directory, or a symlink\n   restore   Restore working tree files\n   rm        Remove files from the working tree and from the index\n\nexamine the history and state (see also: git help revisions)\n   bisect    Use binary search to find the commit that introduced a bug\n   diff      Show changes between commits, commit and working tree, etc\n   grep      Print lines matching a pattern\n   log       Show commit logs\n   show      Show various types of objects\n   status    Show the working tree status\n\ngrow, mark and tweak your common history\n   branch    List, create, or delete branches\n   commit    Record changes to the repository\n   merge     Join two or more development histories together\n   rebase    Reapply commits on top of another base tip\n   reset     Reset current HEAD to the specified state\n   switch    Switch branches\n   tag       Create, list, delete or verify a tag object signed with GPG\n\ncollaborate (see also: git help workflows)\n   fetch     Download objects and refs from another repository\n   pull      Fetch from and integrate with another repository or a local branch\n   push      Update remote refs along with associated objects\n\n'git help -a' and 'git help -g' list available subcommands and some\nconcept guides. See 'git help <command>' or 'git help <concept>'\nto read about a specific subcommand or concept.\nSee 'git help git' for an overview of the system.\n""
[0m21:17:11.288945 [debug] [MainThread]: STDERR: "b''"
[0m21:17:11.289400 [info ] [MainThread]:  - git [[32mOK found[0m]

[0m21:17:11.289767 [info ] [MainThread]: Connection test skipped since no profile was found
[0m21:17:11.290172 [info ] [MainThread]: [31m2 checks failed:[0m
[0m21:17:11.290544 [info ] [MainThread]: Could not load dbt_project.yml
Profile loading failed for the following reason:
Runtime Error
  Credentials in profile "redshift", target "dev" invalid: Runtime Error
    Could not find adapter type redshift!


[0m21:17:11.291197 [info ] [MainThread]: Project loading failed for the following reason:
 project path </home/dbugaj/ELT-Project/dbt_project.yml> not found

[0m21:17:11.292190 [debug] [MainThread]: Resource report: {"command_name": "debug", "command_success": false, "command_wall_clock_time": 0.22535546, "process_in_blocks": "56", "process_kernel_time": 0.188121, "process_mem_max_rss": "132392", "process_out_blocks": "64", "process_user_time": 1.638226}
[0m21:17:11.292734 [debug] [MainThread]: Command `dbt debug` failed at 21:17:11.292633 after 0.23 seconds
[0m21:17:11.293164 [debug] [MainThread]: Sending event: {'category': 'dbt', 'action': 'invocation', 'label': 'end', 'context': [<snowplow_tracker.self_describing_json.SelfDescribingJson object at 0x7489e06a1ba0>, <snowplow_tracker.self_describing_json.SelfDescribingJson object at 0x7489dfee1cf0>, <snowplow_tracker.self_describing_json.SelfDescribingJson object at 0x7489df4c0d30>]}
[0m21:17:11.293565 [debug] [MainThread]: Flushing usage events
[0m21:17:13.407222 [debug] [MainThread]: An error was encountered while trying to flush usage events
{"data":{"log_version":3,"version":"=2.0.0-preview.193"},"info":{"category":"","code":"A001","extra":{},"invocation_id":"019f1502-2213-7712-9aac-c9b0c3f5a689","level":"info","msg":"Running with dbt-fusion=2.0.0-preview.193","name":"MainReportVersion","pid":171036,"thread":"tokio-rt-worker","ts":"2026-06-29T20:11:29.175698Z"}}
{"data":{"args":{"debug":"false","invocation_command":"/home/dbugaj/.local/bin/dbt license info --json --log-format json","log_format":"json","quiet":"false","write_json":"true"}},"info":{"category":"","code":"A002","extra":{},"invocation_id":"019f1502-2213-7712-9aac-c9b0c3f5a689","level":"debug","msg":"running dbt-fusion with arguments {\"command\":\"license\",\"vars\":\"{}\",\"limit\":\"10\",\"debug\":false,\"log_format\":\"json\",\"quiet\":false,\"write_json\":true,\"write_catalog\":false,\"manage_state\":false}","name":"MainReportArgs","pid":171036,"thread":"tokio-rt-worker","ts":"2026-06-29T20:11:29.175759Z"}}
{"data":{},"info":{"category":"","code":"","extra":{},"invocation_id":"019f1502-2213-7712-9aac-c9b0c3f5a689","level":"debug","msg":"No platform credentials found, skipping remote license","name":"Generic","pid":171036,"thread":"tokio-rt-worker","ts":"2026-06-29T20:11:29.186920Z"}}
{"data":{},"info":{"category":"","code":"","extra":{},"invocation_id":"019f1502-2213-7712-9aac-c9b0c3f5a689","level":"debug","msg":"License from file /home/dbugaj/.dbt/license.trial is in refresh window, attempting remote refresh","name":"Generic","pid":171036,"thread":"tokio-rt-worker","ts":"2026-06-29T20:11:29.304443Z"}}
{"data":{},"info":{"category":"","code":"","extra":{},"invocation_id":"019f1502-2213-7712-9aac-c9b0c3f5a689","level":"debug","msg":"Requesting trial license from https://cloud.getdbt.com/api/private/trial-licenses/","name":"Generic","pid":171036,"thread":"main","ts":"2026-06-29T20:11:29.351227Z"}}
{"data":{},"info":{"category":"","code":"","extra":{},"invocation_id":"019f1502-2213-7712-9aac-c9b0c3f5a689","level":"debug","msg":"Trial license retrieved","name":"Generic","pid":171036,"thread":"main","ts":"2026-06-29T20:11:29.818642Z"}}
{"data":{},"info":{"category":"","code":"","extra":{},"invocation_id":"019f1502-2213-7712-9aac-c9b0c3f5a689","level":"debug","msg":"License loaded from trial license server","name":"Generic","pid":171036,"thread":"tokio-rt-worker","ts":"2026-06-29T20:11:29.870818Z"}}
{"data":{"columns":[],"is_inline":true,"node_name":"license_info","output_format":"json","preview":"{\n  \"status\": \"valid\",\n  \"licensing_enabled\": true,\n  \"features\": [\n    \"compare\",\n    \"strict-static-analysis\"\n  ],\n  \"issued_at\": \"2026-06-29T20:11:29+00:00\",\n  \"expires_at\": \"2026-07-07T07:30:30+00:00\",\n  \"license_type\": \"trial\",\n  \"machine_id\": \"5982039583287d08e6b8ad630c83d0bf087620c5e46800466d4e2e82ce43ca4f\",\n  \"days_remaining\": 7,\n  \"trial_start_date\": \"2026-06-23T07:30:30+00:00\"\n}","unique_id":"license.info"},"info":{"category":"","code":"Q041","extra":{},"invocation_id":"019f1502-2213-7712-9aac-c9b0c3f5a689","level":"info","msg":"{\n  \"status\": \"valid\",\n  \"licensing_enabled\": true,\n  \"features\": [\n    \"compare\",\n    \"strict-static-analysis\"\n  ],\n  \"issued_at\": \"2026-06-29T20:11:29+00:00\",\n  \"expires_at\": \"2026-07-07T07:30:30+00:00\",\n  \"license_type\": \"trial\",\n  \"machine_id\": \"5982039583287d08e6b8ad630c83d0bf087620c5e46800466d4e2e82ce43ca4f\",\n  \"days_remaining\": 7,\n  \"trial_start_date\": \"2026-06-23T07:30:30+00:00\"\n}","name":"ShowNode","pid":171036,"thread":"tokio-rt-worker","ts":"2026-06-29T20:11:29.912345Z"}}
{"data":{"completed_at":"2026-06-29T20:11:29.987924Z","elapsed":0.81264728307724,"success":true},"info":{"category":"","code":"Q039","extra":{},"invocation_id":"019f1502-2213-7712-9aac-c9b0c3f5a689","level":"info","msg":"\n==================== Execution Summary =====================\nFinished 'license' successfully [812ms]","name":"CommandCompleted","pid":171036,"thread":"tokio-rt-worker","ts":"2026-06-29T20:11:29.988119Z"}}
{"data":{"log_version":3,"version":"=2.0.0-preview.193"},"info":{"category":"","code":"A001","extra":{},"invocation_id":"019f1773-bc86-7d42-a039-f9915ec983e9","level":"info","msg":"Running with dbt-fusion=2.0.0-preview.193","name":"MainReportVersion","pid":196927,"thread":"tokio-rt-worker","ts":"2026-06-30T07:34:48.718584Z"}}
{"data":{"args":{"debug":"false","invocation_command":"/home/dbugaj/.local/bin/dbt license info --json --log-format json","log_format":"json","quiet":"false","write_json":"true"}},"info":{"category":"","code":"A002","extra":{},"invocation_id":"019f1773-bc86-7d42-a039-f9915ec983e9","level":"debug","msg":"running dbt-fusion with arguments {\"command\":\"license\",\"vars\":\"{}\",\"limit\":\"10\",\"debug\":false,\"log_format\":\"json\",\"quiet\":false,\"write_json\":true,\"write_catalog\":false,\"manage_state\":false}","name":"MainReportArgs","pid":196927,"thread":"tokio-rt-worker","ts":"2026-06-30T07:34:48.718619Z"}}
{"data":{},"info":{"category":"","code":"","extra":{},"invocation_id":"019f1773-bc86-7d42-a039-f9915ec983e9","level":"debug","msg":"No platform credentials found, skipping remote license","name":"Generic","pid":196927,"thread":"tokio-rt-worker","ts":"2026-06-30T07:34:48.743917Z"}}
{"data":{},"info":{"category":"","code":"","extra":{},"invocation_id":"019f1773-bc86-7d42-a039-f9915ec983e9","level":"debug","msg":"License from file /home/dbugaj/.dbt/license.trial is in refresh window, attempting remote refresh","name":"Generic","pid":196927,"thread":"tokio-rt-worker","ts":"2026-06-30T07:34:48.944902Z"}}
{"data":{},"info":{"category":"","code":"","extra":{},"invocation_id":"019f1773-bc86-7d42-a039-f9915ec983e9","level":"debug","msg":"Requesting trial license from https://cloud.getdbt.com/api/private/trial-licenses/","name":"Generic","pid":196927,"thread":"main","ts":"2026-06-30T07:34:49.117116Z"}}
{"data":{},"info":{"category":"","code":"","extra":{},"invocation_id":"019f1773-bc86-7d42-a039-f9915ec983e9","level":"debug","msg":"Trial license retrieved","name":"Generic","pid":196927,"thread":"main","ts":"2026-06-30T07:34:49.625978Z"}}
{"data":{},"info":{"category":"","code":"","extra":{},"invocation_id":"019f1773-bc86-7d42-a039-f9915ec983e9","level":"debug","msg":"License loaded from trial license server","name":"Generic","pid":196927,"thread":"tokio-rt-worker","ts":"2026-06-30T07:34:49.768818Z"}}
{"data":{"columns":[],"is_inline":true,"node_name":"license_info","output_format":"json","preview":"{\n  \"status\": \"valid\",\n  \"licensing_enabled\": true,\n  \"features\": [\n    \"compare\",\n    \"strict-static-analysis\"\n  ],\n  \"issued_at\": \"2026-06-30T07:34:49+00:00\",\n  \"expires_at\": \"2026-07-07T07:30:30+00:00\",\n  \"license_type\": \"trial\",\n  \"machine_id\": \"5982039583287d08e6b8ad630c83d0bf087620c5e46800466d4e2e82ce43ca4f\",\n  \"days_remaining\": 6,\n  \"trial_start_date\": \"2026-06-23T07:30:30+00:00\"\n}","unique_id":"license.info"},"info":{"category":"","code":"Q041","extra":{},"invocation_id":"019f1773-bc86-7d42-a039-f9915ec983e9","level":"info","msg":"{\n  \"status\": \"valid\",\n  \"licensing_enabled\": true,\n  \"features\": [\n    \"compare\",\n    \"strict-static-analysis\"\n  ],\n  \"issued_at\": \"2026-06-30T07:34:49+00:00\",\n  \"expires_at\": \"2026-07-07T07:30:30+00:00\",\n  \"license_type\": \"trial\",\n  \"machine_id\": \"5982039583287d08e6b8ad630c83d0bf087620c5e46800466d4e2e82ce43ca4f\",\n  \"days_remaining\": 6,\n  \"trial_start_date\": \"2026-06-23T07:30:30+00:00\"\n}","name":"ShowNode","pid":196927,"thread":"tokio-rt-worker","ts":"2026-06-30T07:34:49.941939Z"}}
{"data":{"completed_at":"2026-06-30T07:34:50.031668Z","elapsed":1.313232421875,"success":true},"info":{"category":"","code":"Q039","extra":{},"invocation_id":"019f1773-bc86-7d42-a039-f9915ec983e9","level":"info","msg":"\n==================== Execution Summary =====================\nFinished 'license' successfully [1.3s]","name":"CommandCompleted","pid":196927,"thread":"tokio-rt-worker","ts":"2026-06-30T07:34:50.031808Z"}}
